[2026-02-23 00:47:31,434 ] 1025 httpx - INFO - HTTP Request: GET https://dagshub.com/api/v1/user "HTTP/1.1 200 OK"
[2026-02-23 00:47:31,438 ] 107 dagshub - INFO - Accessing as shardulaher-oss
[2026-02-23 00:47:32,762 ] 1025 httpx - INFO - HTTP Request: GET https://dagshub.com/api/v1/repos/shardulaher-oss/networksecurity "HTTP/1.1 200 OK"
[2026-02-23 00:47:33,943 ] 1025 httpx - INFO - HTTP Request: GET https://dagshub.com/api/v1/user "HTTP/1.1 200 OK"
[2026-02-23 00:47:33,946 ] 107 dagshub - INFO - Initialized MLflow to track repo "shardulaher-oss/networksecurity"
[2026-02-23 00:47:33,947 ] 107 dagshub - INFO - Repository shardulaher-oss/networksecurity initialized!
[2026-02-23 00:47:44,136 ] 34 root - INFO - Initiate Data Ingestion
[2026-02-23 00:47:49,211 ] 61 root - INFO - Performed Train and Test Split
[2026-02-23 00:47:49,214 ] 65 root - INFO - Exporting train test file path
[2026-02-23 00:47:49,812 ] 73 root - INFO - Exported to train test file path
[2026-02-23 00:47:49,824 ] 36 root - INFO - Data Ingestion completed and artifact: DataIngestionArtifact(trained_file_path='Artifacts\\02_23_2026_00_47_28\\data_ingestion\\ingested\\train.csv', test_file_path='Artifacts\\02_23_2026_00_47_28\\data_ingestion\\ingested\\test.csv')
[2026-02-23 00:47:49,901 ] 45 root - INFO - Initiate Data Validation
[2026-02-23 00:47:50,410 ] 31 root - INFO - Required no of columns are 31
[2026-02-23 00:47:50,411 ] 32 root - INFO - Datframe has 31
[2026-02-23 00:47:50,411 ] 31 root - INFO - Required no of columns are 31
[2026-02-23 00:47:50,416 ] 32 root - INFO - Datframe has 31
[2026-02-23 00:47:51,404 ] 47 root - INFO - Data Validation completed and artifact: DataValidationArtifact(validation_status=None, valid_train_file_path='Artifacts\\02_23_2026_00_47_28\\data_ingestion\\ingested\\train.csv', valid_test_file_path='Artifacts\\02_23_2026_00_47_28\\data_ingestion\\ingested\\test.csv', invalid_train_file_path=None, invalid_test_file_path=None, drift_report_file_path='Artifacts\\02_23_2026_00_47_28\\data_validation\\drift_report\\report.yaml')
[2026-02-23 00:47:51,404 ] 56 root - INFO - Initiate Data Transformation
[2026-02-23 00:47:51,405 ] 44 root - INFO - Entered initiate method of data transformation
[2026-02-23 00:47:51,406 ] 46 root - INFO - Reading training and testing files
[2026-02-23 00:47:51,541 ] 34 root - INFO - Creating data transformation object
[2026-02-23 00:47:51,598 ] 43 root - INFO - Entered the save_object method of Main Utils
[2026-02-23 00:47:51,611 ] 47 root - INFO - Exited the save_object method of Main Utils
[2026-02-23 00:47:51,611 ] 43 root - INFO - Entered the save_object method of Main Utils
[2026-02-23 00:47:51,620 ] 47 root - INFO - Exited the save_object method of Main Utils
[2026-02-23 00:47:51,624 ] 58 root - INFO - Data Transformation completed and artifact: DataTransformationArtifact(transformed_object_file_path='Artifacts\\02_23_2026_00_47_28\\data_transformation\\transformed\\preprocessor.pkl', transformed_train_file_path='Artifacts\\02_23_2026_00_47_28\\data_transformation\\transformed\\train.npy', transformed_test_file_path='Artifacts\\02_23_2026_00_47_28\\data_transformation\\transformed\\test.npy')
[2026-02-23 00:47:51,624 ] 67 root - INFO - Initiate Model Trainer
[2026-02-23 00:48:32,065 ] 43 root - INFO - Entered the save_object method of Main Utils
[2026-02-23 00:48:32,067 ] 47 root - INFO - Exited the save_object method of Main Utils
[2026-02-23 00:48:32,067 ] 43 root - INFO - Entered the save_object method of Main Utils
[2026-02-23 00:48:32,068 ] 47 root - INFO - Exited the save_object method of Main Utils
[2026-02-23 00:48:32,068 ] 110 root - INFO - Model Trainer artifact:ModelTrainerArtifact(trained_model_file_path='Artifacts\\02_23_2026_00_47_28\\model.trainer\\trained_model\\model.pkl', train_metric_artifact=ClassificationMetricArtifact(f1_score=0.9362992922143579, precision_score=0.9269269269269269, recall_score=0.9458631256384066), test_metric_artifact=ClassificationMetricArtifact(f1_score=0.93671875, precision_score=0.923728813559322, recall_score=0.9500792393026941))
[2026-02-23 00:48:32,068 ] 69 root - INFO - Model Trainer completed and artifact: ModelTrainerArtifact(trained_model_file_path='Artifacts\\02_23_2026_00_47_28\\model.trainer\\trained_model\\model.pkl', train_metric_artifact=ClassificationMetricArtifact(f1_score=0.9362992922143579, precision_score=0.9269269269269269, recall_score=0.9458631256384066), test_metric_artifact=ClassificationMetricArtifact(f1_score=0.93671875, precision_score=0.923728813559322, recall_score=0.9500792393026941))
[2026-02-23 00:48:50,709 ] 18 root - INFO - Starting batch prediction pipeline
[2026-02-23 00:48:50,723 ] 22 root - INFO - Loaded data with shape: (12, 30)
[2026-02-23 00:48:50,844 ] 32 root - INFO - Predictions done. Phishing count: 9
[2026-02-23 00:48:50,855 ] 38 root - INFO - Predictions saved to predicted_output/output.csv
