[2026-02-22 23:45:48,638 ] 1025 httpx - INFO - HTTP Request: GET https://dagshub.com/api/v1/user "HTTP/1.1 200 OK"
[2026-02-22 23:45:48,641 ] 107 dagshub - INFO - Accessing as shardulaher-oss
[2026-02-22 23:45:49,842 ] 1025 httpx - INFO - HTTP Request: GET https://dagshub.com/api/v1/repos/shardulaher-oss/networksecurity "HTTP/1.1 200 OK"
[2026-02-22 23:45:51,539 ] 1025 httpx - INFO - HTTP Request: GET https://dagshub.com/api/v1/user "HTTP/1.1 200 OK"
[2026-02-22 23:45:51,540 ] 107 dagshub - INFO - Initialized MLflow to track repo "shardulaher-oss/networksecurity"
[2026-02-22 23:45:51,541 ] 107 dagshub - INFO - Repository shardulaher-oss/networksecurity initialized!
[2026-02-22 23:46:21,130 ] 34 root - INFO - Initiate Data Ingestion
[2026-02-22 23:46:24,714 ] 61 root - INFO - Performed Train and Test Split
[2026-02-22 23:46:24,715 ] 65 root - INFO - Exporting train test file path
[2026-02-22 23:46:24,927 ] 73 root - INFO - Exported to train test file path
[2026-02-22 23:46:24,928 ] 36 root - INFO - Data Ingestion completed and artifact: DataIngestionArtifact(trained_file_path='Artifacts\\02_22_2026_23_45_39\\data_ingestion\\ingested\\train.csv', test_file_path='Artifacts\\02_22_2026_23_45_39\\data_ingestion\\ingested\\test.csv')
[2026-02-22 23:46:24,980 ] 45 root - INFO - Initiate Data Validation
[2026-02-22 23:46:25,348 ] 31 root - INFO - Required no of columns are 31
[2026-02-22 23:46:25,348 ] 32 root - INFO - Datframe has 31
[2026-02-22 23:46:25,349 ] 31 root - INFO - Required no of columns are 31
[2026-02-22 23:46:25,350 ] 32 root - INFO - Datframe has 31
[2026-02-22 23:46:25,930 ] 47 root - INFO - Data Validation completed and artifact: DataValidationArtifact(validation_status=None, valid_train_file_path='Artifacts\\02_22_2026_23_45_39\\data_ingestion\\ingested\\train.csv', valid_test_file_path='Artifacts\\02_22_2026_23_45_39\\data_ingestion\\ingested\\test.csv', invalid_train_file_path=None, invalid_test_file_path=None, drift_report_file_path='Artifacts\\02_22_2026_23_45_39\\data_validation\\drift_report\\report.yaml')
[2026-02-22 23:46:25,930 ] 56 root - INFO - Initiate Data Transformation
[2026-02-22 23:46:25,931 ] 44 root - INFO - Entered initiate method of data transformation
[2026-02-22 23:46:25,931 ] 46 root - INFO - Reading training and testing files
[2026-02-22 23:46:26,068 ] 34 root - INFO - Creating data transformation object
[2026-02-22 23:46:26,217 ] 43 root - INFO - Entered the save_object method of Main Utils
[2026-02-22 23:46:26,241 ] 47 root - INFO - Exited the save_object method of Main Utils
[2026-02-22 23:46:26,242 ] 43 root - INFO - Entered the save_object method of Main Utils
[2026-02-22 23:46:26,256 ] 47 root - INFO - Exited the save_object method of Main Utils
[2026-02-22 23:46:26,266 ] 58 root - INFO - Data Transformation completed and artifact: DataTransformationArtifact(transformed_object_file_path='Artifacts\\02_22_2026_23_45_39\\data_transformation\\transformed\\preprocessor.pkl', transformed_train_file_path='Artifacts\\02_22_2026_23_45_39\\data_transformation\\transformed\\train.npy', transformed_test_file_path='Artifacts\\02_22_2026_23_45_39\\data_transformation\\transformed\\test.npy')
[2026-02-22 23:46:26,268 ] 67 root - INFO - Initiate Model Trainer
[2026-02-22 23:47:04,840 ] 43 root - INFO - Entered the save_object method of Main Utils
[2026-02-22 23:47:04,841 ] 47 root - INFO - Exited the save_object method of Main Utils
[2026-02-22 23:47:04,841 ] 43 root - INFO - Entered the save_object method of Main Utils
[2026-02-22 23:47:04,842 ] 47 root - INFO - Exited the save_object method of Main Utils
[2026-02-22 23:47:04,842 ] 110 root - INFO - Model Trainer artifact:ModelTrainerArtifact(trained_model_file_path='Artifacts\\02_22_2026_23_45_39\\model.trainer\\trained_model\\model.pkl', train_metric_artifact=ClassificationMetricArtifact(f1_score=0.9381349964792275, precision_score=0.9286994622585142, recall_score=0.9477642276422764), test_metric_artifact=ClassificationMetricArtifact(f1_score=0.928, precision_score=0.9184481393507522, recall_score=0.9377526273241714))
[2026-02-22 23:47:04,842 ] 69 root - INFO - Model Trainer completed and artifact: ModelTrainerArtifact(trained_model_file_path='Artifacts\\02_22_2026_23_45_39\\model.trainer\\trained_model\\model.pkl', train_metric_artifact=ClassificationMetricArtifact(f1_score=0.9381349964792275, precision_score=0.9286994622585142, recall_score=0.9477642276422764), test_metric_artifact=ClassificationMetricArtifact(f1_score=0.928, precision_score=0.9184481393507522, recall_score=0.9377526273241714))
[2026-02-22 23:47:58,916 ] 18 root - INFO - Starting batch prediction pipeline
[2026-02-22 23:47:58,920 ] 22 root - INFO - Loaded data with shape: (12, 30)
[2026-02-22 23:47:58,945 ] 32 root - INFO - Predictions done. Phishing count: 9
[2026-02-22 23:47:58,948 ] 38 root - INFO - Predictions saved to predicted_output/output.csv
[2026-02-22 23:55:05,726 ] 18 root - INFO - Starting batch prediction pipeline
[2026-02-22 23:55:05,737 ] 22 root - INFO - Loaded data with shape: (12, 30)
[2026-02-22 23:55:05,805 ] 32 root - INFO - Predictions done. Phishing count: 9
[2026-02-22 23:55:05,825 ] 38 root - INFO - Predictions saved to predicted_output/output.csv
[2026-02-22 23:55:20,586 ] 18 root - INFO - Starting batch prediction pipeline
[2026-02-22 23:55:20,596 ] 22 root - INFO - Loaded data with shape: (12, 30)
[2026-02-22 23:55:20,644 ] 32 root - INFO - Predictions done. Phishing count: 9
[2026-02-22 23:55:20,652 ] 38 root - INFO - Predictions saved to predicted_output/output.csv
